MemAvailable:   47688108 kB
pid 1  in-container: True  NVML self before context: None
context only: NVML self via _v3 178765824  via _v2 178765824  (bytes; 24-byte struct both)
noise, idle sample 0                           MemAvailable     -16.9  driver      +0.0  RssAnon    +0.0  RssShmem    +0.0  tracked(driver+anon+shmem)      +0.0  (MiB)
noise, idle sample 1                           MemAvailable     -37.6  driver      +0.0  RssAnon    +0.0  RssShmem    +0.0  tracked(driver+anon+shmem)      +0.0  (MiB)
noise, idle sample 2                           MemAvailable     -38.4  driver      +0.0  RssAnon    +0.0  RssShmem    +0.0  tracked(driver+anon+shmem)      +0.0  (MiB)
A cuMemAlloc 1024 MiB, untouched               MemAvailable   +1035.9  driver   +1024.0  RssAnon    +0.0  RssShmem    +0.0  tracked(driver+anon+shmem)   +1024.0  (MiB)
A touched (memset)                             MemAvailable   +1038.0  driver   +1024.0  RssAnon    +0.0  RssShmem    +0.0  tracked(driver+anon+shmem)   +1024.0  (MiB)
A freed                                        MemAvailable     +27.7  driver      +0.0  RssAnon    +0.0  RssShmem    +0.0  tracked(driver+anon+shmem)      +0.0  (MiB)
B1 2000 x 100 KiB (195.3 MiB requested)        MemAvailable    +195.3  driver    +200.0  RssAnon    +2.2  RssShmem    +0.0  tracked(driver+anon+shmem)    +202.2  (MiB)
B1 2000 x 100 KiB freed                        MemAvailable     -19.7  driver      +0.0  RssAnon    +2.2  RssShmem    +0.0  tracked(driver+anon+shmem)      +2.2  (MiB)
B2 300 x (1 MiB + 1 B) (300.0 MiB requested)   MemAvailable    +611.5  driver    +600.0  RssAnon    +0.0  RssShmem    +0.0  tracked(driver+anon+shmem)    +600.0  (MiB)
B2 300 x (1 MiB + 1 B) freed                   MemAvailable     -10.4  driver      +0.0  RssAnon    +0.0  RssShmem    +0.0  tracked(driver+anon+shmem)      +0.0  (MiB)
B3 200 x (3 MiB + 1 B) (600.0 MiB requested)   MemAvailable    +620.5  driver    +612.5  RssAnon    +0.0  RssShmem    +0.0  tracked(driver+anon+shmem)    +612.5  (MiB)
B3 200 x (3 MiB + 1 B) freed                   MemAvailable      -6.2  driver      +0.0  RssAnon    +0.0  RssShmem    +0.0  tracked(driver+anon+shmem)      +0.0  (MiB)
B4 100 x (2 MiB exactly) (200.0 MiB requested) MemAvailable    +180.2  driver    +200.0  RssAnon    +0.0  RssShmem    +0.0  tracked(driver+anon+shmem)    +200.0  (MiB)
B4 100 x (2 MiB exactly) freed                 MemAvailable     -47.6  driver      +0.0  RssAnon    +0.0  RssShmem    +0.0  tracked(driver+anon+shmem)      +0.0  (MiB)
C cuMemAllocHost 256 MiB, touched              MemAvailable    +257.6  driver      +0.0  RssAnon    +0.0  RssShmem  +256.0  tracked(driver+anon+shmem)    +256.0  (MiB)
C freed                                        MemAvailable     -21.2  driver      +0.0  RssAnon    +0.0  RssShmem    +0.0  tracked(driver+anon+shmem)      +0.0  (MiB)
D cuMemHostAlloc PORTABLE|DEVICEMAP 256 MiB    MemAvailable    +274.0  driver      +0.0  RssAnon    +0.0  RssShmem  +256.0  tracked(driver+anon+shmem)    +256.0  (MiB)
D freed                                        MemAvailable    +162.9  driver      +0.0  RssAnon    +0.0  RssShmem    +0.0  tracked(driver+anon+shmem)      +0.0  (MiB)
E cuMemAllocManaged 256 MiB, untouched         MemAvailable    +702.4  driver      +0.0  RssAnon    +0.0  RssShmem    +0.0  tracked(driver+anon+shmem)      +0.0  (MiB)
E touched on device (memset)                   MemAvailable    +520.1  driver      +0.0  RssAnon    +0.0  RssShmem    +0.0  tracked(driver+anon+shmem)      +0.0  (MiB)
E freed                                        MemAvailable    +241.4  driver      +0.0  RssAnon    +0.0  RssShmem    +0.0  tracked(driver+anon+shmem)      +0.0  (MiB)
F heap 256 MiB, touched                        MemAvailable     -18.0  driver      +0.0  RssAnon  +256.0  RssShmem    +0.0  tracked(driver+anon+shmem)    +256.0  (MiB)
F freed                                        MemAvailable    -160.1  driver      +0.0  RssAnon    +0.0  RssShmem    +0.0  tracked(driver+anon+shmem)      +0.0  (MiB)
G 64 x 64 MiB (4096.0 MiB requested)           MemAvailable   +4101.1  driver   +4096.0  RssAnon    +0.0  RssShmem    +0.0  tracked(driver+anon+shmem)   +4096.0  (MiB)
G 64 x 64 MiB freed                            MemAvailable     -76.3  driver      +0.0  RssAnon    +0.0  RssShmem    +0.0  tracked(driver+anon+shmem)      +0.0  (MiB)
OK
MemAvailable:   47840140 kB
