MemAvailable:   47674160 kB
pid 1  in-container: True  NVML self before context: None
context only: NVML self via _v3 178765824  via _v2 178765824  (bytes; 24-byte struct both)
noise, idle sample 0                           MemAvailable     +14.6  driver      +0.0  RssAnon    +0.0  RssShmem    +0.0  tracked(driver+anon+shmem)      +0.0  (MiB)
noise, idle sample 1                           MemAvailable      +9.9  driver      +0.0  RssAnon    +0.0  RssShmem    +0.0  tracked(driver+anon+shmem)      +0.0  (MiB)
noise, idle sample 2                           MemAvailable     +13.0  driver      +0.0  RssAnon    +0.0  RssShmem    +0.0  tracked(driver+anon+shmem)      +0.0  (MiB)
A cuMemAlloc 1024 MiB, untouched               MemAvailable   +1143.4  driver   +1024.0  RssAnon    +0.0  RssShmem    +0.0  tracked(driver+anon+shmem)   +1024.0  (MiB)
A touched (memset)                             MemAvailable   +1141.7  driver   +1024.0  RssAnon    +0.0  RssShmem    +0.0  tracked(driver+anon+shmem)   +1024.0  (MiB)
A freed                                        MemAvailable    +114.5  driver      +0.0  RssAnon    +0.0  RssShmem    +0.0  tracked(driver+anon+shmem)      +0.0  (MiB)
B1 2000 x 100 KiB (195.3 MiB requested)        MemAvailable    +205.5  driver    +200.0  RssAnon    +2.2  RssShmem    +0.0  tracked(driver+anon+shmem)    +202.2  (MiB)
B1 2000 x 100 KiB freed                        MemAvailable      +5.8  driver      +0.0  RssAnon    +2.2  RssShmem    +0.0  tracked(driver+anon+shmem)      +2.2  (MiB)
B2 300 x (1 MiB + 1 B) (300.0 MiB requested)   MemAvailable    +609.8  driver    +600.0  RssAnon    +0.0  RssShmem    +0.0  tracked(driver+anon+shmem)    +600.0  (MiB)
B2 300 x (1 MiB + 1 B) freed                   MemAvailable      -4.3  driver      +0.0  RssAnon    +0.0  RssShmem    +0.0  tracked(driver+anon+shmem)      +0.0  (MiB)
B3 200 x (3 MiB + 1 B) (600.0 MiB requested)   MemAvailable    +625.1  driver    +612.5  RssAnon    +0.0  RssShmem    +0.0  tracked(driver+anon+shmem)    +612.5  (MiB)
B3 200 x (3 MiB + 1 B) freed                   MemAvailable      +0.5  driver      +0.0  RssAnon    +0.0  RssShmem    +0.0  tracked(driver+anon+shmem)      +0.0  (MiB)
B4 100 x (2 MiB exactly) (200.0 MiB requested) MemAvailable    +203.3  driver    +200.0  RssAnon    +0.0  RssShmem    +0.0  tracked(driver+anon+shmem)    +200.0  (MiB)
B4 100 x (2 MiB exactly) freed                 MemAvailable      +3.6  driver      +0.0  RssAnon    +0.0  RssShmem    +0.0  tracked(driver+anon+shmem)      +0.0  (MiB)
C cuMemAllocHost 256 MiB, touched              MemAvailable    +273.9  driver      +0.0  RssAnon    +0.0  RssShmem  +256.0  tracked(driver+anon+shmem)    +256.0  (MiB)
C freed                                        MemAvailable    +273.1  driver      +0.0  RssAnon    +0.0  RssShmem    +0.0  tracked(driver+anon+shmem)      +0.0  (MiB)
D cuMemHostAlloc PORTABLE|DEVICEMAP 256 MiB    MemAvailable      +3.1  driver      +0.0  RssAnon    +0.0  RssShmem  +256.0  tracked(driver+anon+shmem)    +256.0  (MiB)
D freed                                        MemAvailable     -44.7  driver      +0.0  RssAnon    +0.0  RssShmem    +0.0  tracked(driver+anon+shmem)      +0.0  (MiB)
E cuMemAllocManaged 256 MiB, untouched         MemAvailable      +4.1  driver      +0.0  RssAnon    +0.0  RssShmem    +0.0  tracked(driver+anon+shmem)      +0.0  (MiB)
E touched on device (memset)                   MemAvailable     +14.9  driver      +0.0  RssAnon    +0.0  RssShmem    +0.0  tracked(driver+anon+shmem)      +0.0  (MiB)
E freed                                        MemAvailable    -248.4  driver      +0.0  RssAnon    +0.0  RssShmem    +0.0  tracked(driver+anon+shmem)      +0.0  (MiB)
F heap 256 MiB, touched                        MemAvailable     +64.5  driver      +0.0  RssAnon  +256.0  RssShmem    +0.0  tracked(driver+anon+shmem)    +256.0  (MiB)
F freed                                        MemAvailable     +36.2  driver      +0.0  RssAnon    +0.0  RssShmem    +0.0  tracked(driver+anon+shmem)      +0.0  (MiB)
G 64 x 64 MiB (4096.0 MiB requested)           MemAvailable   +4738.2  driver   +4096.0  RssAnon    +0.0  RssShmem    +0.0  tracked(driver+anon+shmem)   +4096.0  (MiB)
G 64 x 64 MiB freed                            MemAvailable    +588.7  driver      +0.0  RssAnon    +0.0  RssShmem    +0.0  tracked(driver+anon+shmem)      +0.0  (MiB)
OK
MemAvailable:   46927064 kB
